// Jest Snapshot v1, https://goo.gl/fbAQLP

exports[`<Home /> matches snapshots 1`] = `
<RNCAppearanceProvider
  style={
    Object {
      "flex": 1,
    }
  }
/>
`;

exports[`<Home /> matches snapshots 2`] = `
<RNCAppearanceProvider
  style={
    Object {
      "flex": 1,
    }
  }
>
  <View
    style={
      Object {
        "alignItems": "center",
        "backgroundColor": "#0a0a0a",
        "flex": 1,
        "justifyContent": "space-between",
        "paddingVertical": 80,
      }
    }
  >
    <View>
      <Text
        style={
          Object {
            "color": "#fff",
            "fontFamily": "UnifrakturMaguntia",
            "fontSize": 40,
            "textAlign": "center",
          }
        }
      >
        Haikus p'ra Vida
      </Text>
      <Text
        style={
          Object {
            "color": "#FF006E",
            "fontFamily": "UnifrakturMaguntia",
            "fontSize": 40,
            "left": 2,
            "position": "absolute",
            "textAlign": "center",
            "top": 2,
            "zIndex": -1,
          }
        }
      >
        Haikus p'ra Vida
      </Text>
      <Text
        style={
          Object {
            "color": "#2A9D8F",
            "fontFamily": "UnifrakturMaguntia",
            "fontSize": 40,
            "left": 4,
            "position": "absolute",
            "textAlign": "center",
            "top": 4,
            "zIndex": -2,
          }
        }
      >
        Haikus p'ra Vida
      </Text>
      <Text
        style={
          Object {
            "color": "#FFBE0B",
            "fontFamily": "UnifrakturMaguntia",
            "fontSize": 40,
            "left": 6,
            "position": "absolute",
            "textAlign": "center",
            "top": 6,
            "zIndex": -3,
          }
        }
      >
        Haikus p'ra Vida
      </Text>
      <Text
        style={
          Object {
            "color": "#3A86FF",
            "fontFamily": "UnifrakturMaguntia",
            "fontSize": 40,
            "left": 8,
            "position": "absolute",
            "textAlign": "center",
            "top": 8,
            "zIndex": -4,
          }
        }
      >
        Haikus p'ra Vida
      </Text>
      <Text
        style={
          Object {
            "color": "#8338EC",
            "fontFamily": "UnifrakturMaguntia",
            "fontSize": 40,
            "left": 10,
            "position": "absolute",
            "textAlign": "center",
            "top": 10,
            "zIndex": -5,
          }
        }
      >
        Haikus p'ra Vida
      </Text>
    </View>
    <View
      style={
        Object {
          "alignItems": "flex-start",
          "position": "relative",
        }
      }
    >
      <Text
        style={
          Object {
            "color": "#fff",
            "fontSize": 18,
          }
        }
      >
        Testa-me a sanidade
      </Text>
      <Text
        style={
          Object {
            "color": "#fff",
            "fontSize": 18,
          }
        }
      >
        Este lixo falha sempre
      </Text>
      <Text
        style={
          Object {
            "color": "#fff",
            "fontSize": 18,
          }
        }
      >
        Quero desistir
      </Text>
      <View
        style={
          Object {
            "alignSelf": "center",
            "flexDirection": "row",
            "marginTop": 20,
          }
        }
      >
        <View
          accessible={true}
          focusable={true}
          onClick={[Function]}
          onResponderGrant={[Function]}
          onResponderMove={[Function]}
          onResponderRelease={[Function]}
          onResponderTerminate={[Function]}
          onResponderTerminationRequest={[Function]}
          onStartShouldSetResponder={[Function]}
          style={
            Object {
              "alignItems": "center",
              "alignSelf": "center",
              "borderRadius": 50,
              "justifyContent": "center",
              "opacity": 1,
              "padding": 10,
            }
          }
        >
          <Text
            allowFontScaling={false}
            style={
              Array [
                Object {
                  "color": "white",
                  "fontSize": 24,
                },
                undefined,
                Object {
                  "fontFamily": "ionicons",
                  "fontStyle": "normal",
                  "fontWeight": "normal",
                },
                Object {},
              ]
            }
          >
            Ôçπ
          </Text>
        </View>
      </View>
    </View>
    <View
      accessible={true}
      focusable={true}
      onClick={[Function]}
      onResponderGrant={[Function]}
      onResponderMove={[Function]}
      onResponderRelease={[Function]}
      onResponderTerminate={[Function]}
      onResponderTerminationRequest={[Function]}
      onStartShouldSetResponder={[Function]}
      style={
        Object {
          "backgroundColor": "#fff",
          "borderRadius": 50,
          "marginTop": 10,
          "opacity": 1,
          "paddingHorizontal": 20,
          "paddingVertical": 10,
        }
      }
    >
      <Text
        style={
          Object {
            "color": "#000",
            "fontSize": 18,
          }
        }
      >
        Demonimiza
      </Text>
    </View>
  </View>
</RNCAppearanceProvider>
`;
